core_cm3.h:1600:22:__NVIC_ClearPendingIRQ	16	static
main.c:174:5:main	8	static
main.c:251:6:SystemClock_Config	88	static
main.c:298:13:MX_RTC_Init	24	static
main.c:366:13:MX_SPI2_Init	8	static
main.c:404:13:MX_TIM3_Init	64	static
main.c:463:13:MX_GPIO_Init	40	static
main.c:542:9:U8x8Stm32GPIOAndDelay	24	static
main.c:572:9:U8x8ByteSTM32HWSPI	24	static
main.c:603:6:HAL_GPIO_EXTI_Callback	16	static
main.c:637:6:HAL_TIM_IC_CaptureCallback	16	static
main.c:643:6:HAL_RTC_AlarmAEventCallback	16	static
main.c:647:6:MainActivity	32	static
main.c:691:6:OrderActivity	40	static
main.c:715:6:ScreenUpdate	16	static,ignoring_inline_asm
main.c:752:7:EventFlag	24	static
main.c:769:13:RTC_TimeShow	32	static
main.c:787:6:Error_Handler	4	static
