core_cm3.h:1600:22:__NVIC_ClearPendingIRQ	16	static
main.c:176:5:main	8	static
main.c:250:6:SystemClock_Config	88	static
main.c:297:13:MX_RTC_Init	24	static
main.c:365:13:MX_SPI2_Init	8	static
main.c:403:13:MX_TIM1_Init	56	static
main.c:453:13:MX_TIM3_Init	48	static
main.c:502:13:MX_GPIO_Init	40	static
main.c:563:9:U8x8Stm32GPIOAndDelay	24	static
main.c:593:9:U8x8ByteSTM32HWSPI	24	static
main.c:624:6:HAL_GPIO_EXTI_Callback	16	static
main.c:658:6:HAL_TIM_IC_CaptureCallback	16	static
main.c:664:6:HAL_RTC_AlarmAEventCallback	16	static
main.c:668:6:MainActivity	32	static
main.c:712:6:OrderActivity	32	static
main.c:734:6:ScreenUpdate	16	static,ignoring_inline_asm
main.c:760:6:TIM1_ReConfig	16	static
main.c:771:7:UpdateFlag	24	static
main.c:788:13:RTC_TimeShow	32	static
main.c:806:6:Error_Handler	4	static
